// Jest Snapshot v1, https://goo.gl/fbAQLP

exports[`render input with icon 1`] = `
<View
  style={
    [
      {
        "backgroundColor": "#fff",
      },
      {
        "position": "relative",
      },
    ]
  }
>
  <TextInput
    keyboardType="email-address"
    onChangeText={[MockFunction]}
    placeholder="Enter email address"
    style={
      {
        "borderColor": "#d1d3d9",
        "borderRadius": 30,
        "borderWidth": 1,
        "fontFamily": "SatoshiRegular",
        "fontSize": 17,
        "marginVertical": 24,
        "paddingLeft": 55,
        "paddingRight": 40,
        "paddingVertical": 15,
      }
    }
    value="fake value"
  />
  <View
    style={
      [
        {
          "backgroundColor": "#fff",
        },
        {
          "left": 22,
          "position": "absolute",
          "top": 43,
        },
      ]
    }
  />
</View>
`;
